[[array_arr1]]
arr11 = [123, 987.654]
text = "some text"

[[array_arr1]]
bool1 = true
bool2 = "false"

[[products]]
name = "Hammer"
sku = 738594937

[[products]]

[[products]]
name = "Nail"
sku = 284758393
color = "gray"

[[array_arr3]]

  [[fruit]]
  name = "apple"

    ["fruit.physical"]
    color = "red"
    shape = "round"

    [["fruit.variety"]]
    name = "red delicious"

    [["fruit.variety"]]
    name = "granny smith"

  [[fruit]]
  name = "banana"

    [["fruit.variety"]]
    name = "plantain"
