[tab1]
arr11 = [123, 987.654]
bool1 = true
bool2 = "false"
text = "some text"
