{
  "encode_yaml_string_var1": "my string",
  "encode_yaml_string_var2": "my' \"string\""
}
