encode_yaml_boolean_var1 = true
encode_yaml_boolean_var10 = "false"
encode_yaml_boolean_var11 = "True"
encode_yaml_boolean_var12 = "False"
encode_yaml_boolean_var2 = false
encode_yaml_boolean_var3 = true
encode_yaml_boolean_var4 = false
encode_yaml_boolean_var5 = true
encode_yaml_boolean_var6 = false
encode_yaml_boolean_var7 = "yes"
encode_yaml_boolean_var8 = "no"
encode_yaml_boolean_var9 = "true"
