encode_yaml_boolena_var1: true
encode_yaml_boolena_var10: "false"
encode_yaml_boolena_var11: "True"
encode_yaml_boolena_var12: "False"
encode_yaml_boolena_var2: false
encode_yaml_boolena_var3: true
encode_yaml_boolena_var4: false
encode_yaml_boolena_var5: true
encode_yaml_boolena_var6: false
encode_yaml_boolena_var7: "yes"
encode_yaml_boolena_var8: "no"
encode_yaml_boolena_var9: "true"
